// Jest Snapshot v1, https://goo.gl/fbAQLP

exports[`IconFill should create Icon element. 1`] = `
<
  style={
    Array [
      Object {
        "color": "black",
        "fontFamily": "antfill",
        "fontSize": 14,
        "fontStyle": "normal",
        "fontWeight": "normal",
      },
      undefined,
    ]
  }
>
  
</>
`;
